2026-01-13 22:21:35 [INFO] ryzenai_onnx_utils\partitioner.py(682): Loading model...
2026-01-13 22:21:35 [INFO] ryzenai_onnx_utils\partitioner.py(690): Loaded model
2026-01-13 22:21:35 [INFO] ryzenai_onnx_utils\partitioner.py(350): Starting passes...
2026-01-13 22:21:35 [INFO] ryzenai_onnx_utils\partitioner.py(393): Starting pass fastgelu_to_gelu (1 of 26)...
2026-01-13 22:21:35 [INFO] ryzenai_onnx_utils\partitioner.py(418):   Starting subpass FastGelu (1 of 3)...
2026-01-13 22:21:35 [INFO] ryzenai_onnx_utils\partitioner.py(248):   Replaced 0 nodes
2026-01-13 22:21:35 [INFO] ryzenai_onnx_utils\partitioner.py(418):   Starting subpass QuickGelu (2 of 3)...
2026-01-13 22:21:35 [INFO] ryzenai_onnx_utils\partitioner.py(248):   Replaced 0 nodes
2026-01-13 22:21:35 [INFO] ryzenai_onnx_utils\partitioner.py(418):   Starting subpass BiasGelu (3 of 3)...
2026-01-13 22:21:35 [INFO] ryzenai_onnx_utils\partitioner.py(248):   Replaced 0 nodes
2026-01-13 22:21:35 [INFO] ryzenai_onnx_utils\partitioner.py(469): Finished pass: 0.010968 s (10.97 ms)
2026-01-13 22:21:35 [INFO] ryzenai_onnx_utils\partitioner.py(393): Starting pass normalize_gqa (2 of 26)...
2026-01-13 22:21:35 [INFO] ryzenai_onnx_utils\partitioner.py(248): Replaced 30 nodes
2026-01-13 22:21:35 [INFO] ryzenai_onnx_utils\partitioner.py(469): Finished pass: 0.003430 s (3.43 ms)
2026-01-13 22:21:35 [INFO] ryzenai_onnx_utils\partitioner.py(393): Starting pass normalize_matmulnbits (3 of 26)...
2026-01-13 22:21:35 [INFO] ryzenai_onnx_utils\partitioner.py(418):   Starting subpass normalize_matmulnbits (1 of 3)...
2026-01-13 22:21:35 [INFO] ryzenai_onnx_utils\partitioner.py(248):   Replaced 0 nodes
2026-01-13 22:21:35 [INFO] ryzenai_onnx_utils\partitioner.py(418):   Starting subpass normalize_matmulnbits (2 of 3)...
2026-01-13 22:21:35 [INFO] ryzenai_onnx_utils\partitioner.py(248):   Replaced 0 nodes
2026-01-13 22:21:35 [INFO] ryzenai_onnx_utils\partitioner.py(418):   Starting subpass normalize_matmulnbits (3 of 3)...
2026-01-13 22:21:35 [INFO] ryzenai_onnx_utils\partitioner.py(248):   Replaced 211 nodes
2026-01-13 22:21:35 [INFO] ryzenai_onnx_utils\partitioner.py(469): Finished pass: 0.126807 s (126.81 ms)
2026-01-13 22:21:35 [INFO] ryzenai_onnx_utils\partitioner.py(393): Starting pass hybrid_llm_ssmlp (4 of 26)...
2026-01-13 22:21:35 [INFO] ryzenai_onnx_utils\partitioner.py(418):   Starting subpass SSMLP (1 of 2)...
2026-01-13 22:21:35 [INFO] ryzenai_onnx_utils\partitioner.py(248):   Replaced 30 nodes
2026-01-13 22:21:35 [INFO] ryzenai_onnx_utils\partitioner.py(418):   Starting subpass SSGMLP (2 of 2)...
2026-01-13 22:21:35 [INFO] ryzenai_onnx_utils\partitioner.py(248):   Replaced 0 nodes
2026-01-13 22:21:35 [INFO] ryzenai_onnx_utils\partitioner.py(469): Finished pass: 0.186876 s (186.88 ms)
2026-01-13 22:21:35 [INFO] ryzenai_onnx_utils\partitioner.py(393): Starting pass hybrid_llm_gqa (5 of 26)...
2026-01-13 22:21:35 [INFO] ryzenai_onnx_utils\partitioner.py(248): Replaced 30 nodes
2026-01-13 22:21:35 [INFO] ryzenai_onnx_utils\partitioner.py(469): Finished pass: 0.038174 s (38.17 ms)
2026-01-13 22:21:35 [INFO] ryzenai_onnx_utils\partitioner.py(393): Starting pass hybrid_llm_qkv_matmul (6 of 26)...
2026-01-13 22:21:35 [INFO] ryzenai_onnx_utils\partitioner.py(248): Replaced 30 nodes
2026-01-13 22:21:35 [INFO] ryzenai_onnx_utils\partitioner.py(469): Finished pass: 0.064309 s (64.31 ms)
2026-01-13 22:21:35 [INFO] ryzenai_onnx_utils\partitioner.py(393): Starting pass hybrid_llm_qkv_lrn_matmul (7 of 26)...
2026-01-13 22:21:35 [INFO] ryzenai_onnx_utils\partitioner.py(248): Replaced 0 nodes
2026-01-13 22:21:35 [INFO] ryzenai_onnx_utils\partitioner.py(469): Finished pass: 0.010716 s (10.72 ms)
2026-01-13 22:21:35 [INFO] ryzenai_onnx_utils\partitioner.py(393): Starting pass hybrid_llm_sln (8 of 26)...
2026-01-13 22:21:35 [INFO] ryzenai_onnx_utils\partitioner.py(248): Replaced 0 nodes
2026-01-13 22:21:35 [INFO] ryzenai_onnx_utils\partitioner.py(469): Finished pass: 0.000682 s (0.68 ms)
2026-01-13 22:21:35 [INFO] ryzenai_onnx_utils\partitioner.py(393): Starting pass hybrid_llm_gqo (9 of 26)...
2026-01-13 22:21:35 [INFO] ryzenai_onnx_utils\partitioner.py(418):   Starting subpass GQO_Pre_Merged_QKV (1 of 3)...
2026-01-13 22:21:35 [INFO] ryzenai_onnx_utils\partitioner.py(248):   Replaced 30 nodes
2026-01-13 22:21:35 [INFO] ryzenai_onnx_utils\partitioner.py(418):   Starting subpass GQO_Pre_Split_QKV (2 of 3)...
2026-01-13 22:21:35 [INFO] ryzenai_onnx_utils\partitioner.py(248):   Replaced 0 nodes
2026-01-13 22:21:35 [INFO] ryzenai_onnx_utils\partitioner.py(418):   Starting subpass GQO_unsplit_QKV (3 of 3)...
2026-01-13 22:21:35 [INFO] ryzenai_onnx_utils\partitioner.py(248):   Replaced 0 nodes
2026-01-13 22:21:35 [INFO] ryzenai_onnx_utils\partitioner.py(469): Finished pass: 0.035839 s (35.84 ms)
2026-01-13 22:21:35 [INFO] ryzenai_onnx_utils\partitioner.py(393): Starting pass hybrid_llm_matmulnbits (10 of 26)...
2026-01-13 22:21:35 [INFO] ryzenai_onnx_utils\partitioner.py(248): Replaced 31 nodes
2026-01-13 22:21:35 [INFO] ryzenai_onnx_utils\partitioner.py(469): Finished pass: 0.015499 s (15.50 ms)
2026-01-13 22:21:35 [INFO] ryzenai_onnx_utils\partitioner.py(393): Starting pass hybrid_llm_gqa_rotary_dim (11 of 26)...
2026-01-13 22:21:35 [INFO] ryzenai_onnx_utils\partitioner.py(248): Replaced 0 nodes
2026-01-13 22:21:35 [INFO] ryzenai_onnx_utils\partitioner.py(469): Finished pass: 0.000357 s (0.36 ms)
2026-01-13 22:21:35 [INFO] ryzenai_onnx_utils\partitioner.py(393): Starting pass hybrid_llm_add_npu_weights (12 of 26)...
2026-01-13 22:21:35 [INFO] ryzenai_onnx_utils\partitioner.py(418):   Starting subpass gqo (1 of 6)...
2026-01-13 22:21:35 [INFO] ryzenai_onnx_utils\partitioner.py(248):   Replaced 30 nodes
2026-01-13 22:21:35 [INFO] ryzenai_onnx_utils\partitioner.py(418):   Starting subpass matmulnbits (2 of 6)...
2026-01-13 22:21:36 [INFO] ryzenai_onnx_utils\partitioner.py(248):   Replaced 31 nodes
2026-01-13 22:21:36 [INFO] ryzenai_onnx_utils\partitioner.py(418):   Starting subpass matmulnbits (3 of 6)...
2026-01-13 22:21:36 [INFO] ryzenai_onnx_utils\partitioner.py(248):   Replaced 0 nodes
2026-01-13 22:21:36 [INFO] ryzenai_onnx_utils\partitioner.py(418):   Starting subpass qmoe (4 of 6)...
2026-01-13 22:21:36 [INFO] ryzenai_onnx_utils\partitioner.py(248):   Replaced 0 nodes
2026-01-13 22:21:36 [INFO] ryzenai_onnx_utils\partitioner.py(418):   Starting subpass ssmlp (5 of 6)...
2026-01-13 22:21:37 [INFO] ryzenai_onnx_utils\partitioner.py(248):   Replaced 30 nodes
2026-01-13 22:21:37 [INFO] ryzenai_onnx_utils\partitioner.py(418):   Starting subpass ssmlp (6 of 6)...
2026-01-13 22:21:37 [INFO] ryzenai_onnx_utils\partitioner.py(248):   Replaced 0 nodes
2026-01-13 22:21:37 [INFO] ryzenai_onnx_utils\partitioner.py(469): Finished pass: 1.602076 s (1602.08 ms)
2026-01-13 22:21:37 [INFO] ryzenai_onnx_utils\partitioner.py(393): Starting pass hybrid_llm_transpose_matmul (13 of 26)...
2026-01-13 22:21:37 [INFO] ryzenai_onnx_utils\partitioner.py(248): Replaced 0 nodes
2026-01-13 22:21:37 [INFO] ryzenai_onnx_utils\partitioner.py(469): Finished pass: 0.000450 s (0.45 ms)
2026-01-13 22:21:37 [INFO] ryzenai_onnx_utils\partitioner.py(393): Starting pass hybrid_llm_prune_logits_matmulnbits (14 of 26)...
2026-01-13 22:21:37 [INFO] ryzenai_onnx_utils\partitioner.py(418):   Starting subpass hybrid_llm_prune_logits_matmulnbits (1 of 3)...
2026-01-13 22:21:37 [INFO] ryzenai_onnx_utils\partitioner.py(248):   Replaced 1 nodes
2026-01-13 22:21:37 [INFO] ryzenai_onnx_utils\partitioner.py(418):   Starting subpass hybrid_llm_prune_logits_matmulnbits (2 of 3)...
2026-01-13 22:21:37 [INFO] ryzenai_onnx_utils\partitioner.py(248):   Replaced 0 nodes
2026-01-13 22:21:37 [INFO] ryzenai_onnx_utils\partitioner.py(418):   Starting subpass hybrid_llm_prune_logits_matmulnbits (3 of 3)...
2026-01-13 22:21:37 [INFO] ryzenai_onnx_utils\partitioner.py(248):   Replaced 0 nodes
2026-01-13 22:21:37 [INFO] ryzenai_onnx_utils\partitioner.py(469): Finished pass: 0.004255 s (4.26 ms)
2026-01-13 22:21:37 [INFO] ryzenai_onnx_utils\partitioner.py(393): Starting pass remove_parallel_casts (15 of 26)...
2026-01-13 22:21:37 [INFO] ryzenai_onnx_utils\partitioner.py(418):   Starting subpass CastAvx (1 of 4)...
2026-01-13 22:21:37 [INFO] ryzenai_onnx_utils\partitioner.py(248):   Replaced 0 nodes
2026-01-13 22:21:37 [INFO] ryzenai_onnx_utils\partitioner.py(418):   Starting subpass Cast (2 of 4)...
2026-01-13 22:21:37 [INFO] ryzenai_onnx_utils\partitioner.py(248):   Replaced 0 nodes
2026-01-13 22:21:37 [INFO] ryzenai_onnx_utils\partitioner.py(418):   Starting subpass SDCastBf2Bfp (3 of 4)...
2026-01-13 22:21:37 [INFO] ryzenai_onnx_utils\partitioner.py(248):   Replaced 0 nodes
2026-01-13 22:21:37 [INFO] ryzenai_onnx_utils\partitioner.py(418):   Starting subpass SDCastBfp2Bfp (4 of 4)...
2026-01-13 22:21:37 [INFO] ryzenai_onnx_utils\partitioner.py(248):   Replaced 0 nodes
2026-01-13 22:21:37 [INFO] ryzenai_onnx_utils\partitioner.py(469): Finished pass: 0.148083 s (148.08 ms)
2026-01-13 22:21:37 [INFO] ryzenai_onnx_utils\partitioner.py(393): Starting pass hybrid_llm_simplify_casts (16 of 26)...
2026-01-13 22:21:37 [INFO] ryzenai_onnx_utils\partitioner.py(418):   Starting subpass hybrid_llm_simplify_casts (1 of 2)...
2026-01-13 22:21:37 [INFO] ryzenai_onnx_utils\partitioner.py(248):   Replaced 0 nodes
2026-01-13 22:21:37 [INFO] ryzenai_onnx_utils\partitioner.py(418):   Starting subpass hybrid_llm_simplify_casts (2 of 2)...
2026-01-13 22:21:37 [INFO] ryzenai_onnx_utils\partitioner.py(248):   Replaced 119 nodes
2026-01-13 22:21:37 [INFO] ryzenai_onnx_utils\partitioner.py(469): Finished pass: 0.201654 s (201.65 ms)
2026-01-13 22:21:37 [INFO] ryzenai_onnx_utils\partitioner.py(393): Starting pass hybrid_llm_add_cast_attributes (17 of 26)...
2026-01-13 22:21:37 [INFO] ryzenai_onnx_utils\partitioner.py(418):   Starting subpass hybrid_llm_add_cast_attributes (1 of 2)...
2026-01-13 22:21:37 [INFO] ryzenai_onnx_utils\partitioner.py(248):   Replaced 0 nodes
2026-01-13 22:21:37 [INFO] ryzenai_onnx_utils\partitioner.py(418):   Starting subpass hybrid_llm_add_cast_attributes (2 of 2)...
2026-01-13 22:21:37 [INFO] ryzenai_onnx_utils\partitioner.py(248):   Replaced 63 nodes
2026-01-13 22:21:37 [INFO] ryzenai_onnx_utils\partitioner.py(469): Finished pass: 0.011059 s (11.06 ms)
2026-01-13 22:21:37 [INFO] ryzenai_onnx_utils\partitioner.py(393): Starting pass simplify_casts (18 of 26)...
2026-01-13 22:21:37 [INFO] ryzenai_onnx_utils\partitioner.py(418):   Starting subpass simplify_casts (1 of 6)...
2026-01-13 22:21:37 [INFO] ryzenai_onnx_utils\partitioner.py(248):   Replaced 0 nodes
2026-01-13 22:21:37 [INFO] ryzenai_onnx_utils\partitioner.py(418):   Starting subpass simplify_casts (2 of 6)...
2026-01-13 22:21:37 [INFO] ryzenai_onnx_utils\partitioner.py(248):   Replaced 0 nodes
2026-01-13 22:21:37 [INFO] ryzenai_onnx_utils\partitioner.py(418):   Starting subpass simplify_casts (3 of 6)...
2026-01-13 22:21:37 [INFO] ryzenai_onnx_utils\partitioner.py(248):   Replaced 0 nodes
2026-01-13 22:21:37 [INFO] ryzenai_onnx_utils\partitioner.py(418):   Starting subpass simplify_casts (4 of 6)...
2026-01-13 22:21:37 [INFO] ryzenai_onnx_utils\partitioner.py(248):   Replaced 0 nodes
2026-01-13 22:21:37 [INFO] ryzenai_onnx_utils\partitioner.py(418):   Starting subpass simplify_casts (5 of 6)...
2026-01-13 22:21:37 [INFO] ryzenai_onnx_utils\partitioner.py(248):   Replaced 0 nodes
2026-01-13 22:21:37 [INFO] ryzenai_onnx_utils\partitioner.py(418):   Starting subpass simplify_casts (6 of 6)...
2026-01-13 22:21:37 [INFO] ryzenai_onnx_utils\partitioner.py(248):   Replaced 0 nodes
2026-01-13 22:21:37 [INFO] ryzenai_onnx_utils\partitioner.py(469): Finished pass: 0.001889 s (1.89 ms)
2026-01-13 22:21:37 [INFO] ryzenai_onnx_utils\partitioner.py(393): Starting pass hybrid_llm_add_empty_cast_attributes (19 of 26)...
2026-01-13 22:21:37 [INFO] ryzenai_onnx_utils\partitioner.py(248): Replaced 91 nodes
2026-01-13 22:21:37 [INFO] ryzenai_onnx_utils\partitioner.py(469): Finished pass: 0.003068 s (3.07 ms)
2026-01-13 22:21:37 [INFO] ryzenai_onnx_utils\partitioner.py(393): Starting pass simplify_matmulnbits (20 of 26)...
2026-01-13 22:21:37 [INFO] ryzenai_onnx_utils\partitioner.py(248): Replaced 0 nodes
2026-01-13 22:21:37 [INFO] ryzenai_onnx_utils\partitioner.py(469): Finished pass: 0.000939 s (0.94 ms)
2026-01-13 22:21:37 [INFO] ryzenai_onnx_utils\partitioner.py(393): Starting pass hybrid_llm_prune_validate (21 of 26)...
2026-01-13 22:21:37 [INFO] ryzenai_onnx_utils\partitioner.py(246): Finished pass
2026-01-13 22:21:37 [INFO] ryzenai_onnx_utils\partitioner.py(469): Finished pass: 0.000568 s (0.57 ms)
2026-01-13 22:21:37 [INFO] ryzenai_onnx_utils\partitioner.py(393): Starting pass hybrid_llm_cast_logits (22 of 26)...
2026-01-13 22:21:37 [INFO] ryzenai_onnx_utils\partitioner.py(418):   Starting subpass hybrid_llm_cast_logits (1 of 5)...
2026-01-13 22:21:37 [INFO] ryzenai_onnx_utils\partitioner.py(248):   Replaced 0 nodes
2026-01-13 22:21:37 [INFO] ryzenai_onnx_utils\partitioner.py(418):   Starting subpass hybrid_llm_cast_logits (2 of 5)...
2026-01-13 22:21:37 [INFO] ryzenai_onnx_utils\partitioner.py(248):   Replaced 0 nodes
2026-01-13 22:21:37 [INFO] ryzenai_onnx_utils\partitioner.py(418):   Starting subpass hybrid_llm_cast_logits (3 of 5)...
2026-01-13 22:21:37 [INFO] ryzenai_onnx_utils\partitioner.py(248):   Replaced 1 nodes
2026-01-13 22:21:37 [INFO] ryzenai_onnx_utils\partitioner.py(418):   Starting subpass hybrid_llm_cast_logits (4 of 5)...
2026-01-13 22:21:37 [INFO] ryzenai_onnx_utils\partitioner.py(248):   Replaced 0 nodes
2026-01-13 22:21:37 [INFO] ryzenai_onnx_utils\partitioner.py(418):   Starting subpass hybrid_llm_cast_logits (5 of 5)...
2026-01-13 22:21:37 [INFO] ryzenai_onnx_utils\partitioner.py(248):   Replaced 0 nodes
2026-01-13 22:21:37 [INFO] ryzenai_onnx_utils\partitioner.py(469): Finished pass: 0.005297 s (5.30 ms)
2026-01-13 22:21:37 [INFO] ryzenai_onnx_utils\partitioner.py(393): Starting pass remove_dangling_nodes (23 of 26)...
2026-01-13 22:21:37 [INFO] ryzenai_onnx_utils\partitioner.py(246): Finished pass
2026-01-13 22:21:37 [INFO] ryzenai_onnx_utils\partitioner.py(469): Finished pass: 0.015309 s (15.31 ms)
2026-01-13 22:21:37 [INFO] ryzenai_onnx_utils\partitioner.py(393): Starting pass remove_unused_io (24 of 26)...
2026-01-13 22:21:37 [INFO] ryzenai_onnx_utils\partitioner.py(246): Finished pass
2026-01-13 22:21:37 [INFO] ryzenai_onnx_utils\partitioner.py(469): Finished pass: 0.005010 s (5.01 ms)
2026-01-13 22:21:37 [INFO] ryzenai_onnx_utils\partitioner.py(393): Starting pass sort_graph_io (25 of 26)...
2026-01-13 22:21:37 [INFO] ryzenai_onnx_utils\partitioner.py(246): Finished pass
2026-01-13 22:21:37 [INFO] ryzenai_onnx_utils\partitioner.py(469): Finished pass: 0.000283 s (0.28 ms)
2026-01-13 22:21:37 [INFO] ryzenai_onnx_utils\partitioner.py(393): Starting pass hybrid_llm_jit (26 of 26)...
2026-01-13 22:21:37 [INFO] ryzenai_onnx_utils\partitioner.py(246): Finished pass
2026-01-13 22:21:37 [INFO] ryzenai_onnx_utils\partitioner.py(469): Finished pass: 0.086835 s (86.84 ms)
2026-01-13 22:21:37 [INFO] ryzenai_onnx_utils\partitioner.py(475): Replaced at least 758 node(s) in total across 26 passes
2026-01-13 22:21:37 [INFO] ryzenai_onnx_utils\partitioner.py(721): Saving final model...
2026-01-13 22:21:44 [INFO] ryzenai_onnx_utils\partitioner.py(744): Saved final model
